Removed Pin From Net: NetName=+5V Pin=BS5-1
Removed Pin From Net: NetName=+5V_A Pin=BS5-2
Added Component: Designator=C60(CAP_0805)
Added Component: Designator=C61(CAP_0805)
Added Component: Designator=DC2(DC/DC +5V to +15V 2W)
Added Component: Designator=L2(INDUCTOR_0805)
Added Pin To Net: NetName=GND Pin=C60-1
Added Pin To Net: NetName=VIN Pin=C60-2
Added Pin To Net: NetName=GND Pin=C61-1
Added Pin To Net: NetName=GND Pin=DC2-1
Added Pin To Net: NetName=+5V_A Pin=DC2-6
Added Pin To Net: NetName=AGND Pin=DC2-7
Added Pin To Net: NetName=VIN Pin=L2-1
Added Pin To Net: NetName=NetC61_2 Pin=C61-2
Added Pin To Net: NetName=NetC61_2 Pin=DC2-2
Added Pin To Net: NetName=NetC61_2 Pin=L2-2
Added Net: Name=NetC61_2
Change Differential Pair Positive Net Name : Old Net Name=AIN3_P1 New Net Name=AIN2_P1
Change Differential Pair Positive Net Name : Old Net Name=AIN3_P2 New Net Name=AIN2_P2
Change Differential Pair Negative Net Name : Old Net Name=AIN2_P1 New Net Name=AIN2_N1
Change Differential Pair Negative Net Name : Old Net Name=AIN2_P2 New Net Name=AIN2_N2
