Circuit: * C:\Users\thoma\Documents\Altium\UltraZOhm\FastADC\Diff to Diff simulacion\Diferencial to Diferencial.asc

WARNING: Less than two connections to node -VCC.  This node is used by V4.
WARNING: Less than two connections to node +5V.  This node is used by V5.
WARNING: Less than two connections to node VREF_EXT.  This node is used by V1.
WARNING: Less than two connections to node +5V_EXT.  This node is used by V8.
WARNING: Less than two connections to node -5V_EXT.  This node is used by V9.
Direct Newton iteration failed to find .op point.  (Use ".option noopiter" to skip.)
Starting Gmin stepping
Gmin = 10
Gmin = 1.07374
Gmin = 0.115292
Gmin = 0.0123794
Gmin = 0.00132923
Gmin = 0.000142725
Gmin = 1.5325e-005
vernier = 0.5
vernier = 0.25
vernier = 0.125
vernier = 0.0625
vernier = 0.03125
vernier = 0.015625
vernier = 0.0078125
Gmin = 9.80797e-006
vernier = 0.0104167
Gmin = 9.58726e-006
vernier = 0.0138889
vernier = 0.0185185
Gmin = 9.23666e-006
vernier = 0.0246913
vernier = 0.0329218
Gmin = 8.70767e-006
vernier = 0.0438957
Gmin = 7.91413e-006
vernier = 0.0585276
vernier = 0.0780367
Gmin = 6.77078e-006
vernier = 0.104049
vernier = 0.138732
Gmin = 5.2935e-006
vernier = 0.184976
Gmin = 3.56075e-006
vernier = 0.246634
vernier = 0.328846
Gmin = 1.87527e-006
vernier = 0.438461
vernier = 0.584614
Gmin = 6.91591e-007
vernier = 0.779486
Gmin = 1.43559e-007
vernier = 1
Gmin = 1.61257e-008
Gmin = 1.73148e-009
Gmin = 1.85916e-010
Gmin = 1.99626e-011
Gmin = 2.14347e-012
Gmin = 2.30153e-013
Gmin = 0
Gmin stepping succeeded in finding the operating point.


Date: Wed Apr 22 16:38:36 2020
Total elapsed time: 0.185 seconds.

tnom = 27
temp = 27
method = modified trap
totiter = 2432
traniter = 1034
tranpoints = 518
accept = 518
rejected = 0
matrix size = 36
fillins = 44
solver = Normal
Matrix Compiler1: 4.02 KB object code size  0.7/0.4/[0.2]
Matrix Compiler2: 3.59 KB object code size  0.5/0.7/[0.3]

